2026-08-23 20:33:10,046	ERROR	campwatch	Watch 'Wright's Beach 2026' failed: POST https://california-rdr.prod.cali.rd12.recreation-management.tylerapp.com/rdr/search/grid -> 403: <!DOCTYPE HTML PUBLIC "-//W3C//DTD HTML 4.01 Transitional//EN" "http://www.w3.org/TR/html4/loose.dtd">
<HTML><HEAD><META HTTP-EQUIV="Content-Type" CONTENT="text/html; charset=iso-8859-1">
<TITLE>ERROR: The request could not be satisfied</TITLE>
</HEAD><BODY>
<H1>403 ERROR</H1>
<H2>The request could 
2026-08-23 20:33:12,773	ERROR	campwatch	Watch 'Van Damme Sp 2026' failed: POST https://california-rdr.prod.cali.rd12.recreation-management.tylerapp.com/rdr/search/grid -> 403: <!DOCTYPE HTML PUBLIC "-//W3C//DTD HTML 4.01 Transitional//EN" "http://www.w3.org/TR/html4/loose.dtd">
<HTML><HEAD><META HTTP-EQUIV="Content-Type" CONTENT="text/html; charset=iso-8859-1">
<TITLE>ERROR: The request could not be satisfied</TITLE>
</HEAD><BODY>
<H1>403 ERROR</H1>
<H2>The request could 
2026-08-23 20:33:15,431	ERROR	campwatch	Watch 'Van Damme Sp 2027' failed: POST https://california-rdr.prod.cali.rd12.recreation-management.tylerapp.com/rdr/search/grid -> 403: <!DOCTYPE HTML PUBLIC "-//W3C//DTD HTML 4.01 Transitional//EN" "http://www.w3.org/TR/html4/loose.dtd">
<HTML><HEAD><META HTTP-EQUIV="Content-Type" CONTENT="text/html; charset=iso-8859-1">
<TITLE>ERROR: The request could not be satisfied</TITLE>
</HEAD><BODY>
<H1>403 ERROR</H1>
<H2>The request could 
2026-08-23 20:33:18,146	ERROR	campwatch	Watch 'Van Damme Sp - Thanksgiving 2026' failed: POST https://california-rdr.prod.cali.rd12.recreation-management.tylerapp.com/rdr/search/grid -> 403: <!DOCTYPE HTML PUBLIC "-//W3C//DTD HTML 4.01 Transitional//EN" "http://www.w3.org/TR/html4/loose.dtd">
<HTML><HEAD><META HTTP-EQUIV="Content-Type" CONTENT="text/html; charset=iso-8859-1">
<TITLE>ERROR: The request could not be satisfied</TITLE>
</HEAD><BODY>
<H1>403 ERROR</H1>
<H2>The request could 
2026-08-23 20:33:19,647	INFO	campwatch	No new availability this cycle.
